{"resourceType":"Basic","code":{"coding":[{"extension":[{"url":"/harmonization/extension/result","valueString":"SuccessOnRelation, harmonized=true, standardized=true"},{"url":"/harmonization/extension/original","valueCoding":{"system":"http://hl7.org/fhir/sid/icd-10-cm","code":"F41.1","display":"Generalized anxiety disorder"}}],"system":"http://snomed.info/sct","code":"conceptCode","display":"name"},{"extension":[{"url":"/harmonization/extension/result","valueString":"SuccessOnRelation, harmonized=true, standardized=true"},{"url":"/harmonization/extension/original","valueCoding":{"system":"http://hl7.org/fhir/sid/icd-10-cm","code":"F43.23","display":"Adjustment disorder with mixed anxiety and depressed mood"}}],"system":"http://snomed.info/sct","code":"conceptCode","display":"name"},{"extension":[{"url":"/harmonization/extension/result","valueString":"SuccessOnRelation, harmonized=true, standardized=true"},{"url":"/harmonization/extension/original","valueCoding":{"system":"http://hl7.org/fhir/sid/icd-10-cm","code":"F33.1","display":"Major depressive disorder, recurrent, moderate"}}],"system":"http://snomed.info/sct","code":"conceptCode","display":"name"},{"extension":[{"url":"/harmonization/extension/result","valueString":"FailureCodeUnknown"}],"system":"http://hl7.org/fhir/sid/icd-10-cm","code":"F43.22","display":"Adjustment disorder with anxiety"},{"extension":[{"url":"/harmonization/extension/result","valueString":"FailureCodeUnknown"}],"system":"http://hl7.org/fhir/sid/icd-10-cm","code":"F43.20","display":"Adjustment disorder, unspecified"},{"extension":[{"url":"/harmonization/extension/result","valueString":"FailureCodeUnknown"}],"system":"http://hl7.org/fhir/sid/icd-10-cm","code":"F41.9","display":"Anxiety disorder, unspecified"},{"extension":[{"url":"/harmonization/extension/result","valueString":"FailureCodeUnknown"}],"system":"http://hl7.org/fhir/sid/icd-10-cm","code":"F43.21","display":"Adjustment disorder with depressed mood"},{"extension":[{"url":"/harmonization/extension/result","valueString":"FailureCodeUnknown"}],"system":"http://hl7.org/fhir/sid/icd-10-cm","code":"Z63.0","display":"Problems in relationship with spouse or partner"},{"extension":[{"url":"/harmonization/extension/result","valueString":"FailureCodeUnknown"}],"system":"http://hl7.org/fhir/sid/icd-10-cm","code":"F43.10","display":"Post-traumatic stress disorder, unspecified"},{"extension":[{"url":"/harmonization/extension/result","valueString":"FailureCodeUnknown"}],"system":"http://hl7.org/fhir/sid/icd-10-cm","code":"F43.12","display":"Post-traumatic stress disorder, chronic"},{"extension":[{"url":"/harmonization/extension/result","valueString":"FailureCodeUnknown"}],"system":"http://hl7.org/fhir/sid/icd-10-cm","code":"F33.0","display":"Major depressive disorder, recurrent, mild"},{"extension":[{"url":"/harmonization/extension/result","valueString":"FailureCodeUnknown"}],"system":"http://hl7.org/fhir/sid/icd-10-cm","code":"F32.1","display":"Major depressive disorder, single episode, moderate"},{"extension":[{"url":"/harmonization/extension/result","valueString":"FailureCodeUnknown"}],"system":"http://hl7.org/fhir/sid/icd-10-cm","code":"F34.1","display":"Dysthymic disorder"},{"extension":[{"url":"/harmonization/extension/result","valueString":"FailureCodeUnknown"}],"system":"http://hl7.org/fhir/sid/icd-10-cm","code":"F90.2","display":"Attention-deficit hyperactivity disorder, combined type"},{"extension":[{"url":"/harmonization/extension/result","valueString":"FailureCodeUnknown"}],"system":"http://hl7.org/fhir/sid/icd-10-cm","code":"F60.9","display":"Personality disorder, unspecified"},{"extension":[{"url":"/harmonization/extension/result","valueString":"FailureCodeUnknown"}],"system":"http://hl7.org/fhir/sid/icd-10-cm","code":"F40.228","display":"Other natural environment type phobia"},{"extension":[{"url":"/harmonization/extension/result","valueString":"FailureCodeUnknown"}],"system":"http://hl7.org/fhir/sid/icd-10-cm","code":"F06.1","display":"Catatonic disorder due to known physiological condition"},{"extension":[{"url":"/harmonization/extension/result","valueString":"FailureCodeUnknown"}],"system":"http://hl7.org/fhir/sid/icd-10-cm","code":"F43.25","display":"Adjustment disorder with mixed disturbance of emotions and conduct"},{"extension":[{"url":"/harmonization/extension/result","valueString":"FailureCodeUnknown"}],"system":"http://hl7.org/fhir/sid/icd-10-cm","code":"F32.0","display":"Major depressive disorder, single episode, mild"},{"extension":[{"url":"/harmonization/extension/result","valueString":"FailureCodeUnknown"}],"system":"http://hl7.org/fhir/sid/icd-10-cm","code":"F33.2","display":"Major depressive disorder, recurrent severe without psychotic features"},{"extension":[{"url":"/harmonization/extension/result","valueString":"FailureSystemUnmappable"}],"system":"some unknown system","code":"some code","display":"some display"},{"extension":[{"url":"/harmonization/extension/result","valueString":"FailureSystemUnmappable"}],"system":"some unknown system","code":"some code","display":"some display"},{"extension":[{"url":"/harmonization/extension/result","valueString":"SuccessAlreadyHarmonized, harmonized=true, standardized=true"}],"system":"http://loinc.org","code":"8302-2","display":"standardized and harmonized"}]}}